[2026-08-03 02:33:42] Starting Git Doctor Diagnosis...
[2026-08-03 02:33:42] [PASS] Git CLI Installation - Git installed (Details: git version 2.54.0.windows.1)
[2026-08-03 02:33:42] [PASS] Branch State - Tracking default branch (Details: Branch: main)
[2026-08-03 02:33:42] [WARNING] Working Tree - Uncommitted changes present (Details: Staged: 0, Unstaged: 0, Untracked: 2)
[2026-08-03 02:33:42] [PASS] Fetch URL - Points to Primary Repo (Details: https://github.com/aashishrajput9838/academicuniverse.git)
[2026-08-03 02:33:42] [PASS] Dual Push Configuration - Primary and Mirror dual push configured (Details: Repo A & Repo B present)
[2026-08-03 02:33:42] [PASS] Network & GitHub Access - github.com reachable (Details: )
[2026-08-03 02:33:46] [PASS] Local HEAD Hash - Resolved local commit (Details: 5b47d1707cb6399bf7c680d34e71ce77eb5f22d4)
[2026-08-03 02:33:46] [PASS] Primary Remote HEAD - Primary Repo (Repo A) reachable (Details: 5b47d1707cb6399bf7c680d34e71ce77eb5f22d4)
[2026-08-03 02:33:46] [PASS] Mirror Remote HEAD - Mirror Repo (Repo B) reachable (Details: 5b47d1707cb6399bf7c680d34e71ce77eb5f22d4)
[2026-08-03 02:33:46] [PASS] Remote Parity - Repo A and Repo B identically aligned (Details: Hash: 5b47d1707cb6399bf7c680d34e71ce77eb5f22d4)
[2026-08-03 02:33:46] [PASS] Local-Remote Parity - Local HEAD matches Primary remote (Details: )
[2026-08-03 02:33:46] [PASS] Git LFS Filters - Git LFS registered (Details: git-lfs clean -- %f)
[2026-08-03 02:33:46] [PASS] Credential Helper - Credential manager active (Details: manager)
[2026-08-03 02:33:46] [PASS] Pre-Push Hook - Pre-push hook exists (Details: C:\github\academicuniverse.com\academicuniverse\scripts\..\.git\hooks\pre-push)
[2026-08-03 02:35:13] Starting Git Doctor Diagnosis...
[2026-08-03 02:35:13] [PASS] Git CLI Installation - Git installed (Details: git version 2.54.0.windows.1)
[2026-08-03 02:35:13] [PASS] Branch State - Tracking default branch (Details: Branch: main)
[2026-08-03 02:35:14] [WARNING] Working Tree - Uncommitted changes present (Details: Staged: 0, Unstaged: 2, Untracked: 0)
[2026-08-03 02:35:14] [PASS] Fetch URL - Points to Primary Repo (Details: https://github.com/aashishrajput9838/academicuniverse.git)
[2026-08-03 02:35:14] [PASS] Dual Push Configuration - Primary and Mirror dual push configured (Details: Repo A & Repo B present)
[2026-08-03 02:35:14] [PASS] Network & GitHub Access - github.com reachable (Details: )
[2026-08-03 02:35:17] [PASS] Local HEAD Hash - Resolved local commit (Details: ce13563e71e47ea1b378e13bccfe3b215b28da74)
[2026-08-03 02:35:17] [PASS] Primary Remote HEAD - Primary Repo (Repo A) reachable (Details: ce13563e71e47ea1b378e13bccfe3b215b28da74)
[2026-08-03 02:35:17] [PASS] Mirror Remote HEAD - Mirror Repo (Repo B) reachable (Details: ce13563e71e47ea1b378e13bccfe3b215b28da74)
[2026-08-03 02:35:17] [PASS] Remote Parity - Repo A and Repo B identically aligned (Details: Hash: ce13563e71e47ea1b378e13bccfe3b215b28da74)
[2026-08-03 02:35:17] [PASS] Local-Remote Parity - Local HEAD matches Primary remote (Details: )
[2026-08-03 02:35:18] [PASS] Git LFS Filters - Git LFS registered (Details: git-lfs clean -- %f)
[2026-08-03 02:35:18] [PASS] Credential Helper - Credential manager active (Details: manager)
[2026-08-03 02:35:18] [PASS] Pre-Push Hook - Pre-push hook exists (Details: C:\github\academicuniverse.com\academicuniverse\scripts\..\.git\hooks\pre-push)
